[INFO] Scanning for projects...
[INFO] 
[INFO] -----------< com.digitalattendance:DigitalAttendenceSystem >------------
[INFO] Building DigitalAttendenceSystem 0.0.1-SNAPSHOT
[INFO]   from pom.xml
[INFO] --------------------------------[ jar ]---------------------------------
[INFO] 
[INFO] --- resources:3.3.1:resources (default-resources) @ DigitalAttendenceSystem ---
[INFO] Copying 1 resource from src\main\resources to target\classes
[INFO] Copying 0 resource from src\main\resources to target\classes
[INFO] 
[INFO] --- compiler:3.14.1:compile (default-compile) @ DigitalAttendenceSystem ---
[INFO] Recompiling the module because of changed source code.
[INFO] Compiling 55 source files with javac [debug parameters release 21] to target\classes
[INFO] /E:/Project/DigitalAttendenceSystem/src/main/java/com/digitalattendence/digitalattendencesystem/config/JwtUtil.java: E:\Project\DigitalAttendenceSystem\src\main\java\com\digitalattendence\digitalattendencesystem\config\JwtUtil.java uses or overrides a deprecated API.
[INFO] /E:/Project/DigitalAttendenceSystem/src/main/java/com/digitalattendence/digitalattendencesystem/config/JwtUtil.java: Recompile with -Xlint:deprecation for details.
[INFO] -------------------------------------------------------------
[ERROR] COMPILATION ERROR : 
[INFO] -------------------------------------------------------------
[ERROR] /E:/Project/DigitalAttendenceSystem/src/main/java/com/digitalattendence/digitalattendencesystem/service/CustomUserDetailsService.java:[42,5] missing return statement
[INFO] 1 error
[INFO] -------------------------------------------------------------
[INFO] ------------------------------------------------------------------------
[INFO] BUILD FAILURE
[INFO] ------------------------------------------------------------------------
[INFO] Total time:  12.517 s
[INFO] Finished at: 2026-02-14T13:48:28+05:45
[INFO] ------------------------------------------------------------------------
[ERROR] Failed to execute goal org.apache.maven.plugins:maven-compiler-plugin:3.14.1:compile (default-compile) on project DigitalAttendenceSystem: Compilation failure
[ERROR] /E:/Project/DigitalAttendenceSystem/src/main/java/com/digitalattendence/digitalattendencesystem/service/CustomUserDetailsService.java:[42,5] missing return statement
[ERROR] 
[ERROR] -> [Help 1]
[ERROR] 
[ERROR] To see the full stack trace of the errors, re-run Maven with the -e switch.
[ERROR] Re-run Maven using the -X switch to enable full debug logging.
[ERROR] 
[ERROR] For more information about the errors and possible solutions, please read the following articles:
[ERROR] [Help 1] http://cwiki.apache.org/confluence/display/MAVEN/MojoFailureException
