[INFO] Scanning for projects...
[INFO] 
[INFO] -----------< com.digitalattendance:DigitalAttendenceSystem >------------
[INFO] Building DigitalAttendenceSystem 0.0.1-SNAPSHOT
[INFO]   from pom.xml
[INFO] --------------------------------[ jar ]---------------------------------
[INFO] 
[INFO] --- clean:3.5.0:clean (default-clean) @ DigitalAttendenceSystem ---
[INFO] Deleting E:\Project\DigitalAttendenceSystem\target
[INFO] ------------------------------------------------------------------------
[INFO] BUILD FAILURE
[INFO] ------------------------------------------------------------------------
[INFO] Total time:  2.380 s
[INFO] Finished at: 2026-02-14T13:04:23+05:45
[INFO] ------------------------------------------------------------------------
[ERROR] Failed to execute goal org.apache.maven.plugins:maven-clean-plugin:3.5.0:clean (default-clean) on project DigitalAttendenceSystem: Failed to clean project: Failed to delete E:\Project\DigitalAttendenceSystem\target\DigitalAttendenceSystem-0.0.1-SNAPSHOT.jar: E:\Project\DigitalAttendenceSystem\target\DigitalAttendenceSystem-0.0.1-SNAPSHOT.jar: The process cannot access the file because it is being used by another process -> [Help 1]
[ERROR] 
[ERROR] To see the full stack trace of the errors, re-run Maven with the -e switch.
[ERROR] Re-run Maven using the -X switch to enable full debug logging.
[ERROR] 
[ERROR] For more information about the errors and possible solutions, please read the following articles:
[ERROR] [Help 1] http://cwiki.apache.org/confluence/display/MAVEN/MojoExecutionException
